---
http_interactions:
- request:
    method: post
    uri: https://rds.ap-northeast-1.amazonaws.com/
    body:
      encoding: UTF-8
      string: Action=DescribeDBInstances&Version=2014-10-31
    headers:
      Content-Type:
      - application/x-www-form-urlencoded; charset=utf-8
      Accept-Encoding:
      - ''
      User-Agent:
      - aws-sdk-ruby2/2.0.46 ruby/2.2.2 x86_64-darwin14
      X-Amz-Date:
      - 20150616T050615Z
      Host:
      - rds.ap-northeast-1.amazonaws.com
      X-Amz-Content-Sha256:
      - ***REMOVED***
      Authorization:
      - AWS4-HMAC-SHA256 Credential=***REMOVED***/20150616/ap-northeast-1/rds/aws4_request,
        SignedHeaders=content-type;host;user-agent;x-amz-content-sha256;x-amz-date,
        Signature=***REMOVED***
      Content-Length:
      - '45'
      Accept:
      - "*/*"
  response:
    status:
      code: 200
      message: OK
    headers:
      X-Amzn-Requestid:
      - 69d0d43d-13e5-11e5-bb59-015785c37ea3
      Content-Type:
      - text/xml
      Content-Length:
      - '23646'
      Date:
      - Tue, 16 Jun 2015 05:06:14 GMT
    body:
      encoding: UTF-8
      string: |
        <DescribeDBInstancesResponse xmlns="http://rds.amazonaws.com/doc/2014-10-31/">
          <DescribeDBInstancesResult>
            <DBInstances>
              <DBInstance>
                <BackupRetentionPeriod>1</BackupRetentionPeriod>
                <DBInstanceStatus>available</DBInstanceStatus>
                <MultiAZ>false</MultiAZ>
                <VpcSecurityGroups>
                  <VpcSecurityGroupMembership>
                    <Status>active</Status>
                    <VpcSecurityGroupId>sg-218b1044</VpcSecurityGroupId>
                  </VpcSecurityGroupMembership>
                </VpcSecurityGroups>
                <DBInstanceIdentifier>arbq3l5nku9bf8</DBInstanceIdentifier>
                <PreferredBackupWindow>18:07-18:37</PreferredBackupWindow>
                <PreferredMaintenanceWindow>mon:14:06-mon:14:36</PreferredMaintenanceWindow>
                <AvailabilityZone>ap-northeast-1a</AvailabilityZone>
                <CACertificateIdentifier>rds-ca-2015</CACertificateIdentifier>
                <LatestRestorableTime>2015-06-16T05:00:00Z</LatestRestorableTime>
                <ReadReplicaDBInstanceIdentifiers/>
                <Engine>mysql</Engine>
                <PendingModifiedValues/>
                <LicenseModel>general-public-license</LicenseModel>
                <DbiResourceId>db-HX225J53W4VUG2SWCEWFCPXBCY</DbiResourceId>
                <DBSubnetGroup>
                  <VpcId>vpc-31518554</VpcId>
                  <SubnetGroupStatus>Complete</SubnetGroupStatus>
                  <DBSubnetGroupDescription>Subnet group within VPC</DBSubnetGroupDescription>
                  <DBSubnetGroupName>authservice-rdsauthsubnetgroup-qmy8rqoi6y2o</DBSubnetGroupName>
                  <Subnets>
                    <Subnet>
                      <SubnetStatus>Active</SubnetStatus>
                      <SubnetIdentifier>subnet-5d16a32a</SubnetIdentifier>
                      <SubnetAvailabilityZone>
                        <Name>ap-northeast-1a</Name>
                      </SubnetAvailabilityZone>
                    </Subnet>
                    <Subnet>
                      <SubnetStatus>Active</SubnetStatus>
                      <SubnetIdentifier>subnet-8d5699d4</SubnetIdentifier>
                      <SubnetAvailabilityZone>
                        <Name>ap-northeast-1c</Name>
                      </SubnetAvailabilityZone>
                    </Subnet>
                  </Subnets>
                </DBSubnetGroup>
                <Endpoint>
                  <Port>3306</Port>
                  <Address>arbq3l5nku9bf8.ce9hhrq9q5wf.ap-northeast-1.rds.amazonaws.com</Address>
                </Endpoint>
                <EngineVersion>5.6.22</EngineVersion>
                <DBParameterGroups>
                  <DBParameterGroup>
                    <ParameterApplyStatus>in-sync</ParameterApplyStatus>
                    <DBParameterGroupName>***REMOVED***</DBParameterGroupName>
                  </DBParameterGroup>
                </DBParameterGroups>
                <OptionGroupMemberships>
                  <OptionGroupMembership>
                    <OptionGroupName>default:mysql-5-6</OptionGroupName>
                    <Status>in-sync</Status>
                  </OptionGroupMembership>
                </OptionGroupMemberships>
                <PubliclyAccessible>false</PubliclyAccessible>
                <DBSecurityGroups/>
                <DBName>RDSAuth</DBName>
                <AutoMinorVersionUpgrade>true</AutoMinorVersionUpgrade>
                <StorageType>gp2</StorageType>
                <DbInstancePort>0</DbInstancePort>
                <InstanceCreateTime>2015-06-05T07:36:26.518Z</InstanceCreateTime>
                <AllocatedStorage>5</AllocatedStorage>
                <StorageEncrypted>false</StorageEncrypted>
                <MasterUsername>root</MasterUsername>
                <DBInstanceClass>db.m1.small</DBInstanceClass>
              </DBInstance>
              <DBInstance>
                <BackupRetentionPeriod>0</BackupRetentionPeriod>
                <DBInstanceStatus>available</DBInstanceStatus>
                <MultiAZ>false</MultiAZ>
                <VpcSecurityGroups>
                  <VpcSecurityGroupMembership>
                    <Status>active</Status>
                    <VpcSecurityGroupId>sg-26e26f43</VpcSecurityGroupId>
                  </VpcSecurityGroupMembership>
                </VpcSecurityGroups>
                <DBInstanceIdentifier>cc-storage-readonly</DBInstanceIdentifier>
                <PreferredBackupWindow>15:00-15:30</PreferredBackupWindow>
                <PreferredMaintenanceWindow>sat:16:00-sat:16:30</PreferredMaintenanceWindow>
                <StatusInfos>
                  <DBInstanceStatusInfo>
                    <Status>replicating</Status>
                    <StatusType>read replication</StatusType>
                    <Normal>true</Normal>
                  </DBInstanceStatusInfo>
                </StatusInfos>
                <AvailabilityZone>ap-northeast-1a</AvailabilityZone>
                <CACertificateIdentifier>rds-ca-2015</CACertificateIdentifier>
                <ReadReplicaDBInstanceIdentifiers/>
                <Engine>mysql</Engine>
                <PendingModifiedValues/>
                <LicenseModel>general-public-license</LicenseModel>
                <DbiResourceId>db-H2KAIRV37MQEJ7MJOSNUQMIM7Q</DbiResourceId>
                <DBSubnetGroup>
                  <VpcId>vpc-31518554</VpcId>
                  <SubnetGroupStatus>Complete</SubnetGroupStatus>
                  <DBSubnetGroupDescription>Subnet group within VPC</DBSubnetGroupDescription>
                  <DBSubnetGroupName>cc-storage-rdssubnetgroup-3ckc6o53upq1</DBSubnetGroupName>
                  <Subnets>
                    <Subnet>
                      <SubnetStatus>Active</SubnetStatus>
                      <SubnetIdentifier>subnet-086f9651</SubnetIdentifier>
                      <SubnetAvailabilityZone>
                        <Name>ap-northeast-1c</Name>
                      </SubnetAvailabilityZone>
                    </Subnet>
                    <Subnet>
                      <SubnetStatus>Active</SubnetStatus>
                      <SubnetIdentifier>subnet-ffba1d88</SubnetIdentifier>
                      <SubnetAvailabilityZone>
                        <Name>ap-northeast-1a</Name>
                      </SubnetAvailabilityZone>
                    </Subnet>
                  </Subnets>
                </DBSubnetGroup>
                <Endpoint>
                  <Port>3306</Port>
                  <Address>cc-storage-readonly.ce9hhrq9q5wf.ap-northeast-1.rds.amazonaws.com</Address>
                </Endpoint>
                <EngineVersion>5.6.19a</EngineVersion>
                <DBParameterGroups>
                  <DBParameterGroup>
                    <ParameterApplyStatus>in-sync</ParameterApplyStatus>
                    <DBParameterGroupName>careercard-production-mysql</DBParameterGroupName>
                  </DBParameterGroup>
                </DBParameterGroups>
                <ReadReplicaSourceDBInstanceIdentifier>cr226pzsb8a3z4</ReadReplicaSourceDBInstanceIdentifier>
                <OptionGroupMemberships>
                  <OptionGroupMembership>
                    <OptionGroupName>default:mysql-5-6</OptionGroupName>
                    <Status>in-sync</Status>
                  </OptionGroupMembership>
                </OptionGroupMemberships>
                <PubliclyAccessible>false</PubliclyAccessible>
                <DBSecurityGroups/>
                <DBName>MyDatabase</DBName>
                <AutoMinorVersionUpgrade>true</AutoMinorVersionUpgrade>
                <StorageType>gp2</StorageType>
                <DbInstancePort>0</DbInstancePort>
                <InstanceCreateTime>2015-04-10T06:01:06.973Z</InstanceCreateTime>
                <AllocatedStorage>100</AllocatedStorage>
                <StorageEncrypted>false</StorageEncrypted>
                <MasterUsername>root</MasterUsername>
                <DBInstanceClass>db.m1.small</DBInstanceClass>
              </DBInstance>
              <DBInstance>
                <BackupRetentionPeriod>1</BackupRetentionPeriod>
                <DBInstanceStatus>available</DBInstanceStatus>
                <MultiAZ>false</MultiAZ>
                <VpcSecurityGroups>
                  <VpcSecurityGroupMembership>
                    <Status>active</Status>
                    <VpcSecurityGroupId>sg-26e26f43</VpcSecurityGroupId>
                  </VpcSecurityGroupMembership>
                </VpcSecurityGroups>
                <DBInstanceIdentifier>cc-storage-stage</DBInstanceIdentifier>
                <PreferredBackupWindow>15:00-15:30</PreferredBackupWindow>
                <PreferredMaintenanceWindow>sat:16:00-sat:16:30</PreferredMaintenanceWindow>
                <AvailabilityZone>ap-northeast-1a</AvailabilityZone>
                <CACertificateIdentifier>rds-ca-2015</CACertificateIdentifier>
                <LatestRestorableTime>2015-06-16T05:00:01Z</LatestRestorableTime>
                <ReadReplicaDBInstanceIdentifiers/>
                <Engine>mysql</Engine>
                <PendingModifiedValues/>
                <LicenseModel>general-public-license</LicenseModel>
                <DbiResourceId>db-47GB5A7HTJQY75KBWCILBFNX64</DbiResourceId>
                <DBSubnetGroup>
                  <VpcId>vpc-31518554</VpcId>
                  <SubnetGroupStatus>Complete</SubnetGroupStatus>
                  <DBSubnetGroupDescription>Subnet group within VPC</DBSubnetGroupDescription>
                  <DBSubnetGroupName>cc-storage-rdssubnetgroup-3ckc6o53upq1</DBSubnetGroupName>
                  <Subnets>
                    <Subnet>
                      <SubnetStatus>Active</SubnetStatus>
                      <SubnetIdentifier>subnet-086f9651</SubnetIdentifier>
                      <SubnetAvailabilityZone>
                        <Name>ap-northeast-1c</Name>
                      </SubnetAvailabilityZone>
                    </Subnet>
                    <Subnet>
                      <SubnetStatus>Active</SubnetStatus>
                      <SubnetIdentifier>subnet-ffba1d88</SubnetIdentifier>
                      <SubnetAvailabilityZone>
                        <Name>ap-northeast-1a</Name>
                      </SubnetAvailabilityZone>
                    </Subnet>
                  </Subnets>
                </DBSubnetGroup>
                <Endpoint>
                  <Port>3306</Port>
                  <Address>cc-storage-stage.ce9hhrq9q5wf.ap-northeast-1.rds.amazonaws.com</Address>
                </Endpoint>
                <EngineVersion>5.6.19a</EngineVersion>
                <DBParameterGroups>
                  <DBParameterGroup>
                    <ParameterApplyStatus>in-sync</ParameterApplyStatus>
                    <DBParameterGroupName>careercard-production-mysql</DBParameterGroupName>
                  </DBParameterGroup>
                </DBParameterGroups>
                <OptionGroupMemberships>
                  <OptionGroupMembership>
                    <OptionGroupName>default:mysql-5-6</OptionGroupName>
                    <Status>in-sync</Status>
                  </OptionGroupMembership>
                </OptionGroupMemberships>
                <PubliclyAccessible>false</PubliclyAccessible>
                <DBSecurityGroups/>
                <DBName>MyDatabase</DBName>
                <AutoMinorVersionUpgrade>true</AutoMinorVersionUpgrade>
                <StorageType>gp2</StorageType>
                <DbInstancePort>0</DbInstancePort>
                <InstanceCreateTime>2015-04-10T07:29:51.909Z</InstanceCreateTime>
                <AllocatedStorage>100</AllocatedStorage>
                <StorageEncrypted>false</StorageEncrypted>
                <MasterUsername>root</MasterUsername>
                <DBInstanceClass>db.m1.small</DBInstanceClass>
              </DBInstance>
              <DBInstance>
                <BackupRetentionPeriod>1</BackupRetentionPeriod>
                <DBInstanceStatus>available</DBInstanceStatus>
                <MultiAZ>true</MultiAZ>
                <VpcSecurityGroups>
                  <VpcSecurityGroupMembership>
                    <Status>active</Status>
                    <VpcSecurityGroupId>sg-26e26f43</VpcSecurityGroupId>
                  </VpcSecurityGroupMembership>
                </VpcSecurityGroups>
                <DBInstanceIdentifier>cr226pzsb8a3z4</DBInstanceIdentifier>
                <PreferredBackupWindow>15:00-15:30</PreferredBackupWindow>
                <PreferredMaintenanceWindow>sat:16:00-sat:16:30</PreferredMaintenanceWindow>
                <AvailabilityZone>ap-northeast-1c</AvailabilityZone>
                <CACertificateIdentifier>rds-ca-2015</CACertificateIdentifier>
                <LatestRestorableTime>2015-06-16T05:00:00Z</LatestRestorableTime>
                <ReadReplicaDBInstanceIdentifiers>
                  <ReadReplicaDBInstanceIdentifier>cc-storage-readonly</ReadReplicaDBInstanceIdentifier>
                </ReadReplicaDBInstanceIdentifiers>
                <Engine>mysql</Engine>
                <PendingModifiedValues/>
                <LicenseModel>general-public-license</LicenseModel>
                <DbiResourceId>db-RFMIULGFXULETZXU7C2WCTFJGY</DbiResourceId>
                <DBSubnetGroup>
                  <VpcId>vpc-31518554</VpcId>
                  <SubnetGroupStatus>Complete</SubnetGroupStatus>
                  <DBSubnetGroupDescription>Subnet group within VPC</DBSubnetGroupDescription>
                  <DBSubnetGroupName>cc-storage-rdssubnetgroup-3ckc6o53upq1</DBSubnetGroupName>
                  <Subnets>
                    <Subnet>
                      <SubnetStatus>Active</SubnetStatus>
                      <SubnetIdentifier>subnet-086f9651</SubnetIdentifier>
                      <SubnetAvailabilityZone>
                        <Name>ap-northeast-1c</Name>
                      </SubnetAvailabilityZone>
                    </Subnet>
                    <Subnet>
                      <SubnetStatus>Active</SubnetStatus>
                      <SubnetIdentifier>subnet-ffba1d88</SubnetIdentifier>
                      <SubnetAvailabilityZone>
                        <Name>ap-northeast-1a</Name>
                      </SubnetAvailabilityZone>
                    </Subnet>
                  </Subnets>
                </DBSubnetGroup>
                <Endpoint>
                  <Port>3306</Port>
                  <Address>cr226pzsb8a3z4.ce9hhrq9q5wf.ap-northeast-1.rds.amazonaws.com</Address>
                </Endpoint>
                <EngineVersion>5.6.19a</EngineVersion>
                <DBParameterGroups>
                  <DBParameterGroup>
                    <ParameterApplyStatus>in-sync</ParameterApplyStatus>
                    <DBParameterGroupName>careercard-production-mysql</DBParameterGroupName>
                  </DBParameterGroup>
                </DBParameterGroups>
                <SecondaryAvailabilityZone>ap-northeast-1a</SecondaryAvailabilityZone>
                <OptionGroupMemberships>
                  <OptionGroupMembership>
                    <OptionGroupName>default:mysql-5-6</OptionGroupName>
                    <Status>in-sync</Status>
                  </OptionGroupMembership>
                </OptionGroupMemberships>
                <PubliclyAccessible>false</PubliclyAccessible>
                <DBSecurityGroups/>
                <DBName>MyDatabase</DBName>
                <AutoMinorVersionUpgrade>true</AutoMinorVersionUpgrade>
                <StorageType>gp2</StorageType>
                <DbInstancePort>0</DbInstancePort>
                <InstanceCreateTime>2015-04-10T05:06:22.752Z</InstanceCreateTime>
                <AllocatedStorage>100</AllocatedStorage>
                <StorageEncrypted>false</StorageEncrypted>
                <MasterUsername>root</MasterUsername>
                <DBInstanceClass>db.m3.large</DBInstanceClass>
              </DBInstance>
              <DBInstance>
                <BackupRetentionPeriod>1</BackupRetentionPeriod>
                <DBInstanceStatus>available</DBInstanceStatus>
                <MultiAZ>false</MultiAZ>
                <VpcSecurityGroups>
                  <VpcSecurityGroupMembership>
                    <Status>active</Status>
                    <VpcSecurityGroupId>sg-245bf641</VpcSecurityGroupId>
                  </VpcSecurityGroupMembership>
                </VpcSecurityGroups>
                <DBInstanceIdentifier>dmfd3tdcp9dnbi</DBInstanceIdentifier>
                <PreferredBackupWindow>16:00-16:30</PreferredBackupWindow>
                <PreferredMaintenanceWindow>sun:17:18-sun:17:48</PreferredMaintenanceWindow>
                <AvailabilityZone>ap-northeast-1a</AvailabilityZone>
                <CACertificateIdentifier>rds-ca-2015</CACertificateIdentifier>
                <LatestRestorableTime>2015-06-16T05:00:00Z</LatestRestorableTime>
                <ReadReplicaDBInstanceIdentifiers/>
                <Engine>mysql</Engine>
                <PendingModifiedValues/>
                <LicenseModel>general-public-license</LicenseModel>
                <DbiResourceId>db-Y2XK5EPQLTJU43YMTWWXSP6G4U</DbiResourceId>
                <DBSubnetGroup>
                  <VpcId>vpc-e3be7f86</VpcId>
                  <SubnetGroupStatus>Complete</SubnetGroupStatus>
                  <DBSubnetGroupDescription>Subnet group within VPC</DBSubnetGroupDescription>
                  <DBSubnetGroupName>degi-pro-rds-db-dbsubnetgroup-1u57d816ujg5q</DBSubnetGroupName>
                  <Subnets>
                    <Subnet>
                      <SubnetStatus>Active</SubnetStatus>
                      <SubnetIdentifier>subnet-e0ef3a97</SubnetIdentifier>
                      <SubnetAvailabilityZone>
                        <Name>ap-northeast-1a</Name>
                      </SubnetAvailabilityZone>
                    </Subnet>
                    <Subnet>
                      <SubnetStatus>Active</SubnetStatus>
                      <SubnetIdentifier>subnet-cc02ec95</SubnetIdentifier>
                      <SubnetAvailabilityZone>
                        <Name>ap-northeast-1c</Name>
                      </SubnetAvailabilityZone>
                    </Subnet>
                  </Subnets>
                </DBSubnetGroup>
                <Endpoint>
                  <Port>3306</Port>
                  <Address>dmfd3tdcp9dnbi.ce9hhrq9q5wf.ap-northeast-1.rds.amazonaws.com</Address>
                </Endpoint>
                <EngineVersion>5.6.19a</EngineVersion>
                <DBParameterGroups>
                  <DBParameterGroup>
                    <ParameterApplyStatus>pending-reboot</ParameterApplyStatus>
                    <DBParameterGroupName>digipro-mysql</DBParameterGroupName>
                  </DBParameterGroup>
                </DBParameterGroups>
                <OptionGroupMemberships>
                  <OptionGroupMembership>
                    <OptionGroupName>default:mysql-5-6</OptionGroupName>
                    <Status>in-sync</Status>
                  </OptionGroupMembership>
                </OptionGroupMemberships>
                <PubliclyAccessible>false</PubliclyAccessible>
                <DBSecurityGroups/>
                <DBName>degiprodb</DBName>
                <AutoMinorVersionUpgrade>true</AutoMinorVersionUpgrade>
                <StorageType>gp2</StorageType>
                <DbInstancePort>0</DbInstancePort>
                <InstanceCreateTime>2015-01-16T10:17:32.300Z</InstanceCreateTime>
                <AllocatedStorage>100</AllocatedStorage>
                <StorageEncrypted>false</StorageEncrypted>
                <MasterUsername>root</MasterUsername>
                <DBInstanceClass>db.m1.small</DBInstanceClass>
              </DBInstance>
              <DBInstance>
                <BackupRetentionPeriod>1</BackupRetentionPeriod>
                <DBInstanceStatus>available</DBInstanceStatus>
                <MultiAZ>false</MultiAZ>
                <VpcSecurityGroups>
                  <VpcSecurityGroupMembership>
                    <Status>active</Status>
                    <VpcSecurityGroupId>sg-988b10fd</VpcSecurityGroupId>
                  </VpcSecurityGroupMembership>
                </VpcSecurityGroups>
                <DBInstanceIdentifier>pr1s5zprpckhy8f</DBInstanceIdentifier>
                <PreferredBackupWindow>14:05-14:35</PreferredBackupWindow>
                <PreferredMaintenanceWindow>fri:14:52-fri:15:22</PreferredMaintenanceWindow>
                <AvailabilityZone>ap-northeast-1c</AvailabilityZone>
                <CACertificateIdentifier>rds-ca-2015</CACertificateIdentifier>
                <LatestRestorableTime>2015-06-16T05:00:00Z</LatestRestorableTime>
                <ReadReplicaDBInstanceIdentifiers/>
                <Engine>mysql</Engine>
                <PendingModifiedValues/>
                <LicenseModel>general-public-license</LicenseModel>
                <DbiResourceId>db-FET4H56VRFEBALHK2AQKSJTGQU</DbiResourceId>
                <DBSubnetGroup>
                  <VpcId>vpc-31518554</VpcId>
                  <SubnetGroupStatus>Complete</SubnetGroupStatus>
                  <DBSubnetGroupDescription>Subnet group within VPC</DBSubnetGroupDescription>
                  <DBSubnetGroupName>paymentservice-rdspaymentservicesubnetgroup-n21u28uci8v6</DBSubnetGroupName>
                  <Subnets>
                    <Subnet>
                      <SubnetStatus>Active</SubnetStatus>
                      <SubnetIdentifier>subnet-fb16a38c</SubnetIdentifier>
                      <SubnetAvailabilityZone>
                        <Name>ap-northeast-1a</Name>
                      </SubnetAvailabilityZone>
                    </Subnet>
                    <Subnet>
                      <SubnetStatus>Active</SubnetStatus>
                      <SubnetIdentifier>subnet-6e559a37</SubnetIdentifier>
                      <SubnetAvailabilityZone>
                        <Name>ap-northeast-1c</Name>
                      </SubnetAvailabilityZone>
                    </Subnet>
                  </Subnets>
                </DBSubnetGroup>
                <Endpoint>
                  <Port>3306</Port>
                  <Address>pr1s5zprpckhy8f.ce9hhrq9q5wf.ap-northeast-1.rds.amazonaws.com</Address>
                </Endpoint>
                <EngineVersion>5.6.22</EngineVersion>
                <DBParameterGroups>
                  <DBParameterGroup>
                    <ParameterApplyStatus>in-sync</ParameterApplyStatus>
                    <DBParameterGroupName>***REMOVED***</DBParameterGroupName>
                  </DBParameterGroup>
                </DBParameterGroups>
                <OptionGroupMemberships>
                  <OptionGroupMembership>
                    <OptionGroupName>default:mysql-5-6</OptionGroupName>
                    <Status>in-sync</Status>
                  </OptionGroupMembership>
                </OptionGroupMemberships>
                <PubliclyAccessible>false</PubliclyAccessible>
                <DBSecurityGroups/>
                <DBName>RDSPaymentService</DBName>
                <AutoMinorVersionUpgrade>true</AutoMinorVersionUpgrade>
                <StorageType>gp2</StorageType>
                <DbInstancePort>0</DbInstancePort>
                <InstanceCreateTime>2015-06-05T07:48:32.392Z</InstanceCreateTime>
                <AllocatedStorage>5</AllocatedStorage>
                <StorageEncrypted>false</StorageEncrypted>
                <MasterUsername>root</MasterUsername>
                <DBInstanceClass>db.m1.small</DBInstanceClass>
              </DBInstance>
              <DBInstance>
                <BackupRetentionPeriod>1</BackupRetentionPeriod>
                <DBInstanceStatus>available</DBInstanceStatus>
                <MultiAZ>false</MultiAZ>
                <VpcSecurityGroups>
                  <VpcSecurityGroupMembership>
                    <Status>active</Status>
                    <VpcSecurityGroupId>sg-05940f60</VpcSecurityGroupId>
                  </VpcSecurityGroupMembership>
                </VpcSecurityGroups>
                <DBInstanceIdentifier>wr10xp00eopxxd9</DBInstanceIdentifier>
                <PreferredBackupWindow>19:37-20:07</PreferredBackupWindow>
                <PreferredMaintenanceWindow>sun:16:52-sun:17:22</PreferredMaintenanceWindow>
                <AvailabilityZone>ap-northeast-1a</AvailabilityZone>
                <CACertificateIdentifier>rds-ca-2015</CACertificateIdentifier>
                <LatestRestorableTime>2015-06-16T05:00:01Z</LatestRestorableTime>
                <ReadReplicaDBInstanceIdentifiers/>
                <Engine>mysql</Engine>
                <PendingModifiedValues/>
                <LicenseModel>general-public-license</LicenseModel>
                <DbiResourceId>db-AE6TQWABAGD44AKUPMSZISLCWU</DbiResourceId>
                <DBSubnetGroup>
                  <VpcId>vpc-31518554</VpcId>
                  <SubnetGroupStatus>Complete</SubnetGroupStatus>
                  <DBSubnetGroupDescription>Subnet group within VPC</DBSubnetGroupDescription>
                  <DBSubnetGroupName>wazabackend-rdswazabackendsubnetgroup-1pptmpt6xc225</DBSubnetGroupName>
                  <Subnets>
                    <Subnet>
                      <SubnetStatus>Active</SubnetStatus>
                      <SubnetIdentifier>subnet-ed17a29a</SubnetIdentifier>
                      <SubnetAvailabilityZone>
                        <Name>ap-northeast-1a</Name>
                      </SubnetAvailabilityZone>
                    </Subnet>
                    <Subnet>
                      <SubnetStatus>Active</SubnetStatus>
                      <SubnetIdentifier>subnet-1656994f</SubnetIdentifier>
                      <SubnetAvailabilityZone>
                        <Name>ap-northeast-1c</Name>
                      </SubnetAvailabilityZone>
                    </Subnet>
                  </Subnets>
                </DBSubnetGroup>
                <Endpoint>
                  <Port>3306</Port>
                  <Address>wr10xp00eopxxd9.ce9hhrq9q5wf.ap-northeast-1.rds.amazonaws.com</Address>
                </Endpoint>
                <EngineVersion>5.6.22</EngineVersion>
                <DBParameterGroups>
                  <DBParameterGroup>
                    <ParameterApplyStatus>in-sync</ParameterApplyStatus>
                    <DBParameterGroupName>***REMOVED***</DBParameterGroupName>
                  </DBParameterGroup>
                </DBParameterGroups>
                <OptionGroupMemberships>
                  <OptionGroupMembership>
                    <OptionGroupName>default:mysql-5-6</OptionGroupName>
                    <Status>in-sync</Status>
                  </OptionGroupMembership>
                </OptionGroupMemberships>
                <PubliclyAccessible>false</PubliclyAccessible>
                <DBSecurityGroups/>
                <DBName>RDSWazaBackend</DBName>
                <AutoMinorVersionUpgrade>true</AutoMinorVersionUpgrade>
                <StorageType>gp2</StorageType>
                <DbInstancePort>0</DbInstancePort>
                <InstanceCreateTime>2015-06-05T07:25:59.161Z</InstanceCreateTime>
                <AllocatedStorage>5</AllocatedStorage>
                <StorageEncrypted>false</StorageEncrypted>
                <MasterUsername>root</MasterUsername>
                <DBInstanceClass>db.m1.small</DBInstanceClass>
              </DBInstance>
            </DBInstances>
          </DescribeDBInstancesResult>
          <ResponseMetadata>
            <RequestId>69d0d43d-13e5-11e5-bb59-015785c37ea3</RequestId>
          </ResponseMetadata>
        </DescribeDBInstancesResponse>
    http_version: 
  recorded_at: Tue, 16 Jun 2015 05:06:15 GMT
- request:
    method: post
    uri: https://rds.ap-northeast-1.amazonaws.com/
    body:
      encoding: UTF-8
      string: Action=ListTagsForResource&ResourceName=arn%3Aaws%3Ards%3Aap-northeast-1%3A***REMOVED***%3Adb%3Aarbq3l5nku9bf8&Version=2014-10-31
    headers:
      Content-Type:
      - application/x-www-form-urlencoded; charset=utf-8
      Accept-Encoding:
      - ''
      User-Agent:
      - aws-sdk-ruby2/2.0.46 ruby/2.2.2 x86_64-darwin14
      X-Amz-Date:
      - 20150616T050615Z
      Host:
      - rds.ap-northeast-1.amazonaws.com
      X-Amz-Content-Sha256:
      - ***REMOVED***
      Authorization:
      - AWS4-HMAC-SHA256 Credential=***REMOVED***/20150616/ap-northeast-1/rds/aws4_request,
        SignedHeaders=content-type;host;user-agent;x-amz-content-sha256;x-amz-date,
        Signature=***REMOVED***
      Content-Length:
      - '128'
      Accept:
      - "*/*"
  response:
    status:
      code: 200
      message: OK
    headers:
      X-Amzn-Requestid:
      - 6a01a829-13e5-11e5-a0dd-f19b99b19004
      Content-Type:
      - text/xml
      Content-Length:
      - '818'
      Date:
      - Tue, 16 Jun 2015 05:06:15 GMT
    body:
      encoding: UTF-8
      string: |
        <ListTagsForResourceResponse xmlns="http://rds.amazonaws.com/doc/2014-10-31/">
          <ListTagsForResourceResult>
            <TagList>
              <Tag>
                <Value>RDSAuthInstance</Value>
                <Key>Name</Key>
              </Tag>
              <Tag>
                <Value>RDSAuthInstance</Value>
                <Key>aws:cloudformation:logical-id</Key>
              </Tag>
              <Tag>
                <Value>AuthService</Value>
                <Key>aws:cloudformation:stack-name</Key>
              </Tag>
              <Tag>
                <Value>arn:aws:cloudformation:ap-northeast-1:***REMOVED***:stack/AuthService/e5251800-0b54-11e5-8ca3-50fa59279c7c</Value>
                <Key>aws:cloudformation:stack-id</Key>
              </Tag>
            </TagList>
          </ListTagsForResourceResult>
          <ResponseMetadata>
            <RequestId>6a01a829-13e5-11e5-a0dd-f19b99b19004</RequestId>
          </ResponseMetadata>
        </ListTagsForResourceResponse>
    http_version: 
  recorded_at: Tue, 16 Jun 2015 05:06:15 GMT
- request:
    method: post
    uri: https://rds.ap-northeast-1.amazonaws.com/
    body:
      encoding: UTF-8
      string: Action=ListTagsForResource&ResourceName=arn%3Aaws%3Ards%3Aap-northeast-1%3A***REMOVED***%3Adb%3Acc-storage-readonly&Version=2014-10-31
    headers:
      Content-Type:
      - application/x-www-form-urlencoded; charset=utf-8
      Accept-Encoding:
      - ''
      User-Agent:
      - aws-sdk-ruby2/2.0.46 ruby/2.2.2 x86_64-darwin14
      X-Amz-Date:
      - 20150616T050615Z
      Host:
      - rds.ap-northeast-1.amazonaws.com
      X-Amz-Content-Sha256:
      - ***REMOVED***
      Authorization:
      - AWS4-HMAC-SHA256 Credential=***REMOVED***/20150616/ap-northeast-1/rds/aws4_request,
        SignedHeaders=content-type;host;user-agent;x-amz-content-sha256;x-amz-date,
        Signature=***REMOVED***
      Content-Length:
      - '133'
      Accept:
      - "*/*"
  response:
    status:
      code: 200
      message: OK
    headers:
      X-Amzn-Requestid:
      - 6a10c370-13e5-11e5-bb59-015785c37ea3
      Content-Type:
      - text/xml
      Content-Length:
      - '393'
      Date:
      - Tue, 16 Jun 2015 05:06:14 GMT
    body:
      encoding: UTF-8
      string: |
        <ListTagsForResourceResponse xmlns="http://rds.amazonaws.com/doc/2014-10-31/">
          <ListTagsForResourceResult>
            <TagList>
              <Tag>
                <Value>CareerCard</Value>
                <Key>Billing</Key>
              </Tag>
            </TagList>
          </ListTagsForResourceResult>
          <ResponseMetadata>
            <RequestId>6a10c370-13e5-11e5-bb59-015785c37ea3</RequestId>
          </ResponseMetadata>
        </ListTagsForResourceResponse>
    http_version: 
  recorded_at: Tue, 16 Jun 2015 05:06:15 GMT
- request:
    method: post
    uri: https://rds.ap-northeast-1.amazonaws.com/
    body:
      encoding: UTF-8
      string: Action=ListTagsForResource&ResourceName=arn%3Aaws%3Ards%3Aap-northeast-1%3A***REMOVED***%3Adb%3Acc-storage-stage&Version=2014-10-31
    headers:
      Content-Type:
      - application/x-www-form-urlencoded; charset=utf-8
      Accept-Encoding:
      - ''
      User-Agent:
      - aws-sdk-ruby2/2.0.46 ruby/2.2.2 x86_64-darwin14
      X-Amz-Date:
      - 20150616T050615Z
      Host:
      - rds.ap-northeast-1.amazonaws.com
      X-Amz-Content-Sha256:
      - ***REMOVED***
      Authorization:
      - AWS4-HMAC-SHA256 Credential=***REMOVED***/20150616/ap-northeast-1/rds/aws4_request,
        SignedHeaders=content-type;host;user-agent;x-amz-content-sha256;x-amz-date,
        Signature=***REMOVED***
      Content-Length:
      - '130'
      Accept:
      - "*/*"
  response:
    status:
      code: 200
      message: OK
    headers:
      X-Amzn-Requestid:
      - 6a1f6954-13e5-11e5-b49f-1d77c104eab8
      Content-Type:
      - text/xml
      Content-Length:
      - '477'
      Date:
      - Tue, 16 Jun 2015 05:06:15 GMT
    body:
      encoding: UTF-8
      string: |
        <ListTagsForResourceResponse xmlns="http://rds.amazonaws.com/doc/2014-10-31/">
          <ListTagsForResourceResult>
            <TagList>
              <Tag>
                <Value>RDSInstance</Value>
                <Key>Name</Key>
              </Tag>
              <Tag>
                <Value>CareerCard</Value>
                <Key>Billing</Key>
              </Tag>
            </TagList>
          </ListTagsForResourceResult>
          <ResponseMetadata>
            <RequestId>6a1f6954-13e5-11e5-b49f-1d77c104eab8</RequestId>
          </ResponseMetadata>
        </ListTagsForResourceResponse>
    http_version: 
  recorded_at: Tue, 16 Jun 2015 05:06:15 GMT
- request:
    method: post
    uri: https://rds.ap-northeast-1.amazonaws.com/
    body:
      encoding: UTF-8
      string: Action=ListTagsForResource&ResourceName=arn%3Aaws%3Ards%3Aap-northeast-1%3A***REMOVED***%3Adb%3Acr226pzsb8a3z4&Version=2014-10-31
    headers:
      Content-Type:
      - application/x-www-form-urlencoded; charset=utf-8
      Accept-Encoding:
      - ''
      User-Agent:
      - aws-sdk-ruby2/2.0.46 ruby/2.2.2 x86_64-darwin14
      X-Amz-Date:
      - 20150616T050615Z
      Host:
      - rds.ap-northeast-1.amazonaws.com
      X-Amz-Content-Sha256:
      - ***REMOVED***
      Authorization:
      - AWS4-HMAC-SHA256 Credential=***REMOVED***/20150616/ap-northeast-1/rds/aws4_request,
        SignedHeaders=content-type;host;user-agent;x-amz-content-sha256;x-amz-date,
        Signature=***REMOVED***
      Content-Length:
      - '128'
      Accept:
      - "*/*"
  response:
    status:
      code: 200
      message: OK
    headers:
      X-Amzn-Requestid:
      - 6a2fbd10-13e5-11e5-8f60-89f5a92feb3e
      Content-Type:
      - text/xml
      Content-Length:
      - '894'
      Date:
      - Tue, 16 Jun 2015 05:06:15 GMT
    body:
      encoding: UTF-8
      string: |
        <ListTagsForResourceResponse xmlns="http://rds.amazonaws.com/doc/2014-10-31/">
          <ListTagsForResourceResult>
            <TagList>
              <Tag>
                <Value>RDSInstance</Value>
                <Key>Name</Key>
              </Tag>
              <Tag>
                <Value>RDSInstance</Value>
                <Key>aws:cloudformation:logical-id</Key>
              </Tag>
              <Tag>
                <Value>cc-storage</Value>
                <Key>aws:cloudformation:stack-name</Key>
              </Tag>
              <Tag>
                <Value>arn:aws:cloudformation:ap-northeast-1:***REMOVED***:stack/cc-storage/8ce63120-df3e-11e4-ba86-50a676d45896</Value>
                <Key>aws:cloudformation:stack-id</Key>
              </Tag>
              <Tag>
                <Value>CareerCard</Value>
                <Key>Billing</Key>
              </Tag>
            </TagList>
          </ListTagsForResourceResult>
          <ResponseMetadata>
            <RequestId>6a2fbd10-13e5-11e5-8f60-89f5a92feb3e</RequestId>
          </ResponseMetadata>
        </ListTagsForResourceResponse>
    http_version: 
  recorded_at: Tue, 16 Jun 2015 05:06:15 GMT
- request:
    method: post
    uri: https://rds.ap-northeast-1.amazonaws.com/
    body:
      encoding: UTF-8
      string: Action=DescribeDBSnapshots&DBInstanceIdentifier=cr226pzsb8a3z4&Version=2014-10-31
    headers:
      Content-Type:
      - application/x-www-form-urlencoded; charset=utf-8
      Accept-Encoding:
      - ''
      User-Agent:
      - aws-sdk-ruby2/2.0.46 ruby/2.2.2 x86_64-darwin14
      X-Amz-Date:
      - 20150616T050615Z
      Host:
      - rds.ap-northeast-1.amazonaws.com
      X-Amz-Content-Sha256:
      - ***REMOVED***
      Authorization:
      - AWS4-HMAC-SHA256 Credential=***REMOVED***/20150616/ap-northeast-1/rds/aws4_request,
        SignedHeaders=content-type;host;user-agent;x-amz-content-sha256;x-amz-date,
        Signature=***REMOVED***
      Content-Length:
      - '81'
      Accept:
      - "*/*"
  response:
    status:
      code: 200
      message: OK
    headers:
      X-Amzn-Requestid:
      - 6a3fe957-13e5-11e5-804c-4b915169295f
      Content-Type:
      - text/xml
      Content-Length:
      - '2247'
      Date:
      - Tue, 16 Jun 2015 05:06:15 GMT
    body:
      encoding: UTF-8
      string: |
        <DescribeDBSnapshotsResponse xmlns="http://rds.amazonaws.com/doc/2014-10-31/">
          <DescribeDBSnapshotsResult>
            <DBSnapshots>
              <DBSnapshot>
                <Port>3306</Port>
                <OptionGroupName>default:mysql-5-6</OptionGroupName>
                <Status>available</Status>
                <Engine>mysql</Engine>
                <SnapshotType>automated</SnapshotType>
                <LicenseModel>general-public-license</LicenseModel>
                <DBInstanceIdentifier>cr226pzsb8a3z4</DBInstanceIdentifier>
                <EngineVersion>5.6.19a</EngineVersion>
                <DBSnapshotIdentifier>rds:cr226pzsb8a3z4-2015-06-14-15-02</DBSnapshotIdentifier>
                <SnapshotCreateTime>2015-06-14T15:02:41.326Z</SnapshotCreateTime>
                <Encrypted>false</Encrypted>
                <VpcId>vpc-31518554</VpcId>
                <StorageType>gp2</StorageType>
                <AvailabilityZone>ap-northeast-1c</AvailabilityZone>
                <InstanceCreateTime>2015-04-10T05:06:22.752Z</InstanceCreateTime>
                <PercentProgress>100</PercentProgress>
                <AllocatedStorage>100</AllocatedStorage>
                <MasterUsername>root</MasterUsername>
              </DBSnapshot>
              <DBSnapshot>
                <Port>3306</Port>
                <OptionGroupName>default:mysql-5-6</OptionGroupName>
                <Status>available</Status>
                <Engine>mysql</Engine>
                <SnapshotType>automated</SnapshotType>
                <LicenseModel>general-public-license</LicenseModel>
                <DBInstanceIdentifier>cr226pzsb8a3z4</DBInstanceIdentifier>
                <EngineVersion>5.6.19a</EngineVersion>
                <DBSnapshotIdentifier>rds:cr226pzsb8a3z4-2015-06-15-15-02</DBSnapshotIdentifier>
                <SnapshotCreateTime>2015-06-15T15:03:07.027Z</SnapshotCreateTime>
                <Encrypted>false</Encrypted>
                <VpcId>vpc-31518554</VpcId>
                <StorageType>gp2</StorageType>
                <AvailabilityZone>ap-northeast-1c</AvailabilityZone>
                <InstanceCreateTime>2015-04-10T05:06:22.752Z</InstanceCreateTime>
                <PercentProgress>100</PercentProgress>
                <AllocatedStorage>100</AllocatedStorage>
                <MasterUsername>root</MasterUsername>
              </DBSnapshot>
            </DBSnapshots>
          </DescribeDBSnapshotsResult>
          <ResponseMetadata>
            <RequestId>6a3fe957-13e5-11e5-804c-4b915169295f</RequestId>
          </ResponseMetadata>
        </DescribeDBSnapshotsResponse>
    http_version: 
  recorded_at: Tue, 16 Jun 2015 05:06:15 GMT
recorded_with: VCR 2.9.3
